Drill report for PRISM_Power.kicad_pcb
Created on 2026-07-23T06:44:09

Copper Layer Stackup:
    =============================================================
    L1 :  F.Cu                      front
    L2 :  B.Cu                      back


Drill file 'PRISM_Power-PTH-drl.gbr' contains
    plated through holes:
    =============================================================
    T1  0.203mm  0.0080"  (8 holes))
    T2  0.300mm  0.0118"  (75 holes))
    T3  0.400mm  0.0157"  (12 holes))
    T4  0.700mm  0.0276"  (2 holes))
    T5  0.700mm  0.0276"  (2 holes))
    T6  1.000mm  0.0394"  (1 hole)
    T7  1.210mm  0.0476"  (4 holes))

    Total plated holes count 104


Drill file 'PRISM_Power-NPTH-drl.gbr' contains
    unplated through holes:
    =============================================================
    T1  0.650mm  0.0256"  (1 hole)
    T2  1.150mm  0.0453"  (1 hole)

    Total unplated holes count 2
